[2026-05-20 15:25:06] local.ERROR: Draft save failed: SQLSTATE[23000]: Integrity constraint violation: 1048 Column 'price' cannot be null (Connection: mysql, SQL: insert into `product_stocks` (`product_id`, `variant`, `price`, `sku`, `qty`, `image`, `updated_at`, `created_at`) values (35, White-21, ?, ?, ?, ?, 2026-05-20 15:25:06, 2026-05-20 15:25:06)) {"request":{"_token":"Y6D0uCdIkZevuzEKrzdB86hSAw4L0ugQmtgCSjo3","name":"Kids Artisan Sandals","brand_id":null,"unit":"Pc","weight":"0.00","min_qty":"1","tags":["[{\"value\":\"Kids Artisan Sandals\"},{\"value\":\"kids sandals\"},{\"value\":\"baby sandals\"},{\"value\":\"kid shoes\"},{\"value\":\"baby shoes\"},{\"value\":\"baby girl sandals\"}]"],"description":"<h6><b data-path-to-node=\"0\" data-index-in-node=\"0\">RICHMINIS - Kids Artisan Sandals</b></h6><p data-path-to-node=\"1\">Bring an effortlessly refined charm to your child's summer collection with our Artisan Ivory Sandals. Expertly crafted to blend a premium minimalist aesthetic with high-end comfort, these sandals feature exquisite textures that make them a standout addition to any curated wardrobe.</p><h6><b data-path-to-node=\"3\" data-index-in-node=\"0\">Key Features</b></h6><ul data-path-to-node=\"4\"><li><p data-path-to-node=\"4,0,0\"><b data-path-to-node=\"4,0,0\" data-index-in-node=\"0\">Artisanal Crochet Double-Straps</b>: Designed with two beautifully textured, hand-woven ivory cotton straps that offer a timeless, boutique look.</p></li><li><p data-path-to-node=\"4,1,0\"><b data-path-to-node=\"4,1,0\" data-index-in-node=\"0\">Delicate Pom-Pom Accent</b>: Trimmed with subtle, miniature matching pom-poms along the borders for a soft, whimsical finish.</p></li><li><p data-path-to-node=\"4,2,0\"><b data-path-to-node=\"4,2,0\" data-index-in-node=\"0\">Adjustable Backstrap</b>: Features a smooth, durable ivory ankle strap with a secure closure, offering a perfectly customizable fit for growing feet.</p></li><li><p data-path-to-node=\"4,3,0\"><b data-path-to-node=\"4,3,0\" data-index-in-node=\"0\">Cushioned Ergonomic Sole</b>: Formed with a supportive, contoured taupe footbed that delivers maximum all-day comfort for active toddlers and kids.</p></li><li><p data-path-to-node=\"4,4,0\"><b data-path-to-node=\"4,4,0\" data-index-in-node=\"0\">Lightweight Rubber Outsole</b>: The flexible, thick rubber midsole provides excellent shock absorption and a slip-resistant grip for endless warm-weather adventures.</p></li></ul><h6><b data-path-to-node=\"6\" data-index-in-node=\"0\">Product Specifications</b></h6><ul data-path-to-node=\"7\"><li><p data-path-to-node=\"7,0,0\"><b data-path-to-node=\"7,0,0\" data-index-in-node=\"0\">Style</b>: Double-Strap Bohemian Slingback Sandal.</p></li><li><p data-path-to-node=\"7,1,0\"><b data-path-to-node=\"7,1,0\" data-index-in-node=\"0\">Upper Material</b>: Premium hand-knitted cotton textile.</p></li><li><p data-path-to-node=\"7,2,0\"><b data-path-to-node=\"7,2,0\" data-index-in-node=\"0\">Sole Material</b>: High-density flexible rubber.</p></li><li><p data-path-to-node=\"7,3,0\"><b data-path-to-node=\"7,3,0\" data-index-in-node=\"0\">Colorway</b>: Creamy Ivory / Soft Taupe.</p></li><li><p data-path-to-node=\"7,4,0\"><b data-path-to-node=\"7,4,0\" data-index-in-node=\"0\">Closure</b>: Adjustable hook-and-loop backstrap.</p></li></ul><h6><b data-path-to-node=\"9\" data-index-in-node=\"0\">Brand Insight</b></h6><p data-path-to-node=\"10\">These sandals embody an international, high-class approach to children's footwear—favoring sophisticated textures and clean, organic color tones over loud branding. Perfect for sunny family strolls, seaside resorts, or casual festive gatherings, they give mothers a premium styling piece that never sacrifices a child's comfort.</p>","flash_deal_id":null,"flash_discount":"0","flash_discount_type":null,"tax_id":["3"],"tax":["0"],"tax_type":["amount"],"photos":"361,359,362","thumbnail_img":"359","short_video":null,"short_video_thumbnail":null,"video_link":[null],"pdf":null,"colors":["#FFFFFF"],"colors_active":"1","choice_attributes":["1"],"choice_no":["1"],"choice":["Size"],"choice_options_1":["21","22","23","24","25","26","27","28","29","30"],"unit_price":"1850","date_range":null,"discount":"0","discount_type":"amount","current_stock":"0","sku":null,"external_link":null,"external_link_btn":null,"low_stock_quantity":"1","stock_visibility_state":"quantity","meta_title":null,"meta_description":null,"meta_keywords":null,"meta_img":null,"cash_on_delivery":"1","est_shipping_days":null,"warranty_id":null,"warranty_note_id":null,"frequently_bought_selection_type":"product","fq_bought_product_category_id":"1","_method":"POST","id":"35","product_id":35},"trace":"#0 /home/u748403142/domains/richminis.com/public_html/vendor/laravel/framework/src/Illuminate/Database/Connection.php(783): Illuminate\\Database\\Connection->runQueryCallback()
#1 /home/u748403142/domains/richminis.com/public_html/vendor/laravel/framework/src/Illuminate/Database/MySqlConnection.php(34): Illuminate\\Database\\Connection->run()
#2 /home/u748403142/domains/richminis.com/public_html/vendor/laravel/framework/src/Illuminate/Database/Query/Processors/MySqlProcessor.php(35): Illuminate\\Database\\MySqlConnection->insert()
#3 /home/u748403142/domains/richminis.com/public_html/vendor/laravel/framework/src/Illuminate/Database/Query/Builder.php(3549): Illuminate\\Database\\Query\\Processors\\MySqlProcessor->processInsertGetId()
#4 /home/u748403142/domains/richminis.com/public_html/vendor/laravel/framework/src/Illuminate/Database/Eloquent/Builder.php(1982): Illuminate\\Database\\Query\\Builder->insertGetId()
#5 /home/u748403142/domains/richminis.com/public_html/vendor/laravel/framework/src/Illuminate/Database/Eloquent/Model.php(1334): Illuminate\\Database\\Eloquent\\Builder->__call()
#6 /home/u748403142/domains/richminis.com/public_html/vendor/laravel/framework/src/Illuminate/Database/Eloquent/Model.php(1299): Illuminate\\Database\\Eloquent\\Model->insertAndSetId()
#7 /home/u748403142/domains/richminis.com/public_html/vendor/laravel/framework/src/Illuminate/Database/Eloquent/Model.php(1138): Illuminate\\Database\\Eloquent\\Model->performInsert()
#8 /home/u748403142/domains/richminis.com/public_html/app/Traits/PreventDemoModeChanges.php(38): Illuminate\\Database\\Eloquent\\Model->save()
#9 /home/u748403142/domains/richminis.com/public_html/app/Services/ProductStockService.php(35): App\\Models\\ProductStock->save()
#10 /home/u748403142/domains/richminis.com/public_html/app/Http/Controllers/ProductController.php(429): App\\Services\\ProductStockService->store()
#11 /home/u748403142/domains/richminis.com/public_html/vendor/laravel/framework/src/Illuminate/Routing/Controller.php(54): App\\Http\\Controllers\\ProductController->store_as_draft()
#12 /home/u748403142/domains/richminis.com/public_html/vendor/laravel/framework/src/Illuminate/Routing/ControllerDispatcher.php(43): Illuminate\\Routing\\Controller->callAction()
#13 /home/u748403142/domains/richminis.com/public_html/vendor/laravel/framework/src/Illuminate/Routing/Route.php(259): Illuminate\\Routing\\ControllerDispatcher->dispatch()
#14 /home/u748403142/domains/richminis.com/public_html/vendor/laravel/framework/src/Illuminate/Routing/Route.php(205): Illuminate\\Routing\\Route->runController()
#15 /home/u748403142/domains/richminis.com/public_html/vendor/laravel/framework/src/Illuminate/Routing/Router.php(806): Illuminate\\Routing\\Route->run()
#16 /home/u748403142/domains/richminis.com/public_html/vendor/laravel/framework/src/Illuminate/Pipeline/Pipeline.php(144): Illuminate\\Routing\\Router->Illuminate\\Routing\\{closure}()
#17 /home/u748403142/domains/richminis.com/public_html/app/Http/Middleware/PreventBackHistory.php(25): Illuminate\\Pipeline\\Pipeline->Illuminate\\Pipeline\\{closure}()
#18 /home/u748403142/domains/richminis.com/public_html/vendor/laravel/framework/src/Illuminate/Pipeline/Pipeline.php(183): App\\Http\\Middleware\\PreventBackHistory->handle()
#19 /home/u748403142/domains/richminis.com/public_html/app/Http/Middleware/IsAdmin.php(20): Illuminate\\Pipeline\\Pipeline->Illuminate\\Pipeline\\{closure}()
#20 /home/u748403142/domains/richminis.com/public_html/vendor/laravel/framework/src/Illuminate/Pipeline/Pipeline.php(183): App\\Http\\Middleware\\IsAdmin->handle()
#21 /home/u748403142/domains/richminis.com/public_html/app/Http/Middleware/CheckForMaintenanceMode.php(64): Illuminate\\Pipeline\\Pipeline->Illuminate\\Pipeline\\{closure}()
#22 /home/u748403142/domains/richminis.com/public_html/vendor/laravel/framework/src/Illuminate/Pipeline/Pipeline.php(183): App\\Http\\Middleware\\CheckForMaintenanceMode->handle()
#23 /home/u748403142/domains/richminis.com/public_html/app/Http/Middleware/HttpsProtocol.php(20): Illuminate\\Pipeline\\Pipeline->Illuminate\\Pipeline\\{closure}()
#24 /home/u748403142/domains/richminis.com/public_html/vendor/laravel/framework/src/Illuminate/Pipeline/Pipeline.php(183): App\\Http\\Middleware\\HttpsProtocol->handle()
#25 /home/u748403142/domains/richminis.com/public_html/app/Http/Middleware/Language.php(35): Illuminate\\Pipeline\\Pipeline->Illuminate\\Pipeline\\{closure}()
#26 /home/u748403142/domains/richminis.com/public_html/vendor/laravel/framework/src/Illuminate/Pipeline/Pipeline.php(183): App\\Http\\Middleware\\Language->handle()
#27 /home/u748403142/domains/richminis.com/public_html/vendor/laravel/framework/src/Illuminate/Routing/Middleware/SubstituteBindings.php(50): Illuminate\\Pipeline\\Pipeline->Illuminate\\Pipeline\\{closure}()
#28 /home/u748403142/domains/richminis.com/public_html/vendor/laravel/framework/src/Illuminate/Pipeline/Pipeline.php(183): Illuminate\\Routing\\Middleware\\SubstituteBindings->handle()
#29 /home/u748403142/domains/richminis.com/public_html/vendor/laravel/framework/src/Illuminate/Auth/Middleware/Authenticate.php(57): Illuminate\\Pipeline\\Pipeline->Illuminate\\Pipeline\\{closure}()
#30 /home/u748403142/domains/richminis.com/public_html/vendor/laravel/framework/src/Illuminate/Pipeline/Pipeline.php(183): Illuminate\\Auth\\Middleware\\Authenticate->handle()
#31 /home/u748403142/domains/richminis.com/public_html/vendor/laravel/framework/src/Illuminate/Foundation/Http/Middleware/VerifyCsrfToken.php(78): Illuminate\\Pipeline\\Pipeline->Illuminate\\Pipeline\\{closure}()
#32 /home/u748403142/domains/richminis.com/public_html/vendor/laravel/framework/src/Illuminate/Pipeline/Pipeline.php(183): Illuminate\\Foundation\\Http\\Middleware\\VerifyCsrfToken->handle()
#33 /home/u748403142/domains/richminis.com/public_html/vendor/laravel/framework/src/Illuminate/Cookie/Middleware/AddQueuedCookiesToResponse.php(37): Illuminate\\Pipeline\\Pipeline->Illuminate\\Pipeline\\{closure}()
#34 /home/u748403142/domains/richminis.com/public_html/vendor/laravel/framework/src/Illuminate/Pipeline/Pipeline.php(183): Illuminate\\Cookie\\Middleware\\AddQueuedCookiesToResponse->handle()
#35 /home/u748403142/domains/richminis.com/public_html/vendor/laravel/framework/src/Illuminate/Pipeline/Pipeline.php(119): Illuminate\\Pipeline\\Pipeline->Illuminate\\Pipeline\\{closure}()
#36 /home/u748403142/domains/richminis.com/public_html/vendor/laravel/framework/src/Illuminate/Routing/Router.php(805): Illuminate\\Pipeline\\Pipeline->then()
#37 /home/u748403142/domains/richminis.com/public_html/vendor/laravel/framework/src/Illuminate/Routing/Router.php(784): Illuminate\\Routing\\Router->runRouteWithinStack()
#38 /home/u748403142/domains/richminis.com/public_html/vendor/laravel/framework/src/Illuminate/Routing/Router.php(748): Illuminate\\Routing\\Router->runRoute()
#39 /home/u748403142/domains/richminis.com/public_html/vendor/laravel/framework/src/Illuminate/Routing/Router.php(737): Illuminate\\Routing\\Router->dispatchToRoute()
#40 /home/u748403142/domains/richminis.com/public_html/vendor/laravel/framework/src/Illuminate/Foundation/Http/Kernel.php(200): Illuminate\\Routing\\Router->dispatch()
#41 /home/u748403142/domains/richminis.com/public_html/vendor/laravel/framework/src/Illuminate/Pipeline/Pipeline.php(144): Illuminate\\Foundation\\Http\\Kernel->Illuminate\\Foundation\\Http\\{closure}()
#42 /home/u748403142/domains/richminis.com/public_html/vendor/barryvdh/laravel-debugbar/src/Middleware/InjectDebugbar.php(59): Illuminate\\Pipeline\\Pipeline->Illuminate\\Pipeline\\{closure}()
#43 /home/u748403142/domains/richminis.com/public_html/vendor/laravel/framework/src/Illuminate/Pipeline/Pipeline.php(183): Barryvdh\\Debugbar\\Middleware\\InjectDebugbar->handle()
#44 /home/u748403142/domains/richminis.com/public_html/vendor/laravel/framework/src/Illuminate/View/Middleware/ShareErrorsFromSession.php(49): Illuminate\\Pipeline\\Pipeline->Illuminate\\Pipeline\\{closure}()
#45 /home/u748403142/domains/richminis.com/public_html/vendor/laravel/framework/src/Illuminate/Pipeline/Pipeline.php(183): Illuminate\\View\\Middleware\\ShareErrorsFromSession->handle()
#46 /home/u748403142/domains/richminis.com/public_html/vendor/laravel/framework/src/Illuminate/Session/Middleware/StartSession.php(121): Illuminate\\Pipeline\\Pipeline->Illuminate\\Pipeline\\{closure}()
#47 /home/u748403142/domains/richminis.com/public_html/vendor/laravel/framework/src/Illuminate/Session/Middleware/StartSession.php(64): Illuminate\\Session\\Middleware\\StartSession->handleStatefulRequest()
#48 /home/u748403142/domains/richminis.com/public_html/vendor/laravel/framework/src/Illuminate/Pipeline/Pipeline.php(183): Illuminate\\Session\\Middleware\\StartSession->handle()
#49 /home/u748403142/domains/richminis.com/public_html/vendor/laravel/framework/src/Illuminate/Http/Middleware/TrustProxies.php(39): Illuminate\\Pipeline\\Pipeline->Illuminate\\Pipeline\\{closure}()
#50 /home/u748403142/domains/richminis.com/public_html/vendor/laravel/framework/src/Illuminate/Pipeline/Pipeline.php(183): Illuminate\\Http\\Middleware\\TrustProxies->handle()
#51 /home/u748403142/domains/richminis.com/public_html/vendor/laravel/framework/src/Illuminate/Foundation/Http/Middleware/TransformsRequest.php(21): Illuminate\\Pipeline\\Pipeline->Illuminate\\Pipeline\\{closure}()
#52 /home/u748403142/domains/richminis.com/public_html/vendor/laravel/framework/src/Illuminate/Foundation/Http/Middleware/ConvertEmptyStringsToNull.php(31): Illuminate\\Foundation\\Http\\Middleware\\TransformsRequest->handle()
#53 /home/u748403142/domains/richminis.com/public_html/vendor/laravel/framework/src/Illuminate/Pipeline/Pipeline.php(183): Illuminate\\Foundation\\Http\\Middleware\\ConvertEmptyStringsToNull->handle()
#54 /home/u748403142/domains/richminis.com/public_html/vendor/laravel/framework/src/Illuminate/Foundation/Http/Middleware/TransformsRequest.php(21): Illuminate\\Pipeline\\Pipeline->Illuminate\\Pipeline\\{closure}()
#55 /home/u748403142/domains/richminis.com/public_html/vendor/laravel/framework/src/Illuminate/Foundation/Http/Middleware/TrimStrings.php(40): Illuminate\\Foundation\\Http\\Middleware\\TransformsRequest->handle()
#56 /home/u748403142/domains/richminis.com/public_html/vendor/laravel/framework/src/Illuminate/Pipeline/Pipeline.php(183): Illuminate\\Foundation\\Http\\Middleware\\TrimStrings->handle()
#57 /home/u748403142/domains/richminis.com/public_html/vendor/laravel/framework/src/Illuminate/Foundation/Http/Middleware/ValidatePostSize.php(27): Illuminate\\Pipeline\\Pipeline->Illuminate\\Pipeline\\{closure}()
#58 /home/u748403142/domains/richminis.com/public_html/vendor/laravel/framework/src/Illuminate/Pipeline/Pipeline.php(183): Illuminate\\Foundation\\Http\\Middleware\\ValidatePostSize->handle()
#59 /home/u748403142/domains/richminis.com/public_html/vendor/laravel/framework/src/Illuminate/Pipeline/Pipeline.php(119): Illuminate\\Pipeline\\Pipeline->Illuminate\\Pipeline\\{closure}()
#60 /home/u748403142/domains/richminis.com/public_html/vendor/laravel/framework/src/Illuminate/Foundation/Http/Kernel.php(175): Illuminate\\Pipeline\\Pipeline->then()
#61 /home/u748403142/domains/richminis.com/public_html/vendor/laravel/framework/src/Illuminate/Foundation/Http/Kernel.php(144): Illuminate\\Foundation\\Http\\Kernel->sendRequestThroughRouter()
#62 /home/u748403142/domains/richminis.com/public_html/index.php(56): Illuminate\\Foundation\\Http\\Kernel->handle()
#63 {main}"} 
