[2026-04-17 04:23:26] local.ERROR: SQLSTATE[42S02]: Base table or view not found: 1146 Table 'u748403142_acm.addons' doesn't exist (Connection: mysql, SQL: select * from `addons`) {"view":{"view":"/home/u748403142/domains/richminis.com/public_html/test/resources/views/errors/404.blade.php","data":[]},"exception":"[object] (Spatie\\LaravelIgnition\\Exceptions\\ViewException(code: 0): SQLSTATE[42S02]: Base table or view not found: 1146 Table 'u748403142_acm.addons' doesn't exist (Connection: mysql, SQL: select * from `addons`) at /home/u748403142/domains/richminis.com/public_html/test/vendor/laravel/framework/src/Illuminate/Database/Connection.php:829)
[stacktrace]
#0 /home/u748403142/domains/richminis.com/public_html/test/vendor/laravel/framework/src/Illuminate/Database/Connection.php(783): Illuminate\\Database\\Connection->runQueryCallback()
#1 /home/u748403142/domains/richminis.com/public_html/test/vendor/laravel/framework/src/Illuminate/Database/Connection.php(414): Illuminate\\Database\\Connection->run()
#2 /home/u748403142/domains/richminis.com/public_html/test/vendor/laravel/framework/src/Illuminate/Database/Query/Builder.php(2913): Illuminate\\Database\\Connection->select()
#3 /home/u748403142/domains/richminis.com/public_html/test/vendor/laravel/framework/src/Illuminate/Database/Query/Builder.php(2902): Illuminate\\Database\\Query\\Builder->runSelect()
#4 /home/u748403142/domains/richminis.com/public_html/test/vendor/laravel/framework/src/Illuminate/Database/Query/Builder.php(3456): Illuminate\\Database\\Query\\Builder->Illuminate\\Database\\Query\\{closure}()
#5 /home/u748403142/domains/richminis.com/public_html/test/vendor/laravel/framework/src/Illuminate/Database/Query/Builder.php(2901): Illuminate\\Database\\Query\\Builder->onceWithColumns()
#6 /home/u748403142/domains/richminis.com/public_html/test/vendor/laravel/framework/src/Illuminate/Database/Eloquent/Builder.php(739): Illuminate\\Database\\Query\\Builder->get()
#7 /home/u748403142/domains/richminis.com/public_html/test/vendor/laravel/framework/src/Illuminate/Database/Eloquent/Builder.php(723): Illuminate\\Database\\Eloquent\\Builder->getModels()
#8 /home/u748403142/domains/richminis.com/public_html/test/vendor/laravel/framework/src/Illuminate/Database/Eloquent/Model.php(675): Illuminate\\Database\\Eloquent\\Builder->get()
#9 /home/u748403142/domains/richminis.com/public_html/test/app/Http/Helpers.php(1685): Illuminate\\Database\\Eloquent\\Model::all()
#10 /home/u748403142/domains/richminis.com/public_html/test/vendor/laravel/framework/src/Illuminate/Cache/Repository.php(396): {closure}()
#11 /home/u748403142/domains/richminis.com/public_html/test/vendor/laravel/framework/src/Illuminate/Cache/CacheManager.php(429): Illuminate\\Cache\\Repository->remember()
#12 /home/u748403142/domains/richminis.com/public_html/test/vendor/laravel/framework/src/Illuminate/Support/Facades/Facade.php(355): Illuminate\\Cache\\CacheManager->__call()
#13 /home/u748403142/domains/richminis.com/public_html/test/app/Http/Helpers.php(1684): Illuminate\\Support\\Facades\\Facade::__callStatic()
#14 /home/u748403142/domains/richminis.com/public_html/test/resources/views/errors/404.blade.php(1): addon_is_activated()
#15 /home/u748403142/domains/richminis.com/public_html/test/vendor/laravel/framework/src/Illuminate/Filesystem/Filesystem.php(123): require('/home/u74840314...')
#16 /home/u748403142/domains/richminis.com/public_html/test/vendor/laravel/framework/src/Illuminate/Filesystem/Filesystem.php(124): Illuminate\\Filesystem\\Filesystem::Illuminate\\Filesystem\\{closure}()
#17 /home/u748403142/domains/richminis.com/public_html/test/vendor/laravel/framework/src/Illuminate/View/Engines/PhpEngine.php(58): Illuminate\\Filesystem\\Filesystem->getRequire()
#18 /home/u748403142/domains/richminis.com/public_html/test/vendor/laravel/framework/src/Illuminate/View/Engines/CompilerEngine.php(72): Illuminate\\View\\Engines\\PhpEngine->evaluatePath()
#19 /home/u748403142/domains/richminis.com/public_html/test/vendor/laravel/framework/src/Illuminate/View/View.php(207): Illuminate\\View\\Engines\\CompilerEngine->get()
#20 /home/u748403142/domains/richminis.com/public_html/test/vendor/laravel/framework/src/Illuminate/View/View.php(190): Illuminate\\View\\View->getContents()
#21 /home/u748403142/domains/richminis.com/public_html/test/vendor/laravel/framework/src/Illuminate/View/View.php(159): Illuminate\\View\\View->renderContents()
#22 /home/u748403142/domains/richminis.com/public_html/test/vendor/laravel/framework/src/Illuminate/Http/Response.php(69): Illuminate\\View\\View->render()
#23 /home/u748403142/domains/richminis.com/public_html/test/vendor/laravel/framework/src/Illuminate/Http/Response.php(35): Illuminate\\Http\\Response->setContent()
#24 /home/u748403142/domains/richminis.com/public_html/test/vendor/laravel/framework/src/Illuminate/Routing/ResponseFactory.php(58): Illuminate\\Http\\Response->__construct()
#25 /home/u748403142/domains/richminis.com/public_html/test/vendor/laravel/framework/src/Illuminate/Routing/ResponseFactory.php(88): Illuminate\\Routing\\ResponseFactory->make()
#26 /home/u748403142/domains/richminis.com/public_html/test/vendor/laravel/framework/src/Illuminate/Foundation/Exceptions/Handler.php(723): Illuminate\\Routing\\ResponseFactory->view()
#27 /home/u748403142/domains/richminis.com/public_html/test/vendor/laravel/framework/src/Illuminate/Foundation/Exceptions/Handler.php(650): Illuminate\\Foundation\\Exceptions\\Handler->renderHttpException()
#28 /home/u748403142/domains/richminis.com/public_html/test/vendor/laravel/framework/src/Illuminate/Foundation/Exceptions/Handler.php(556): Illuminate\\Foundation\\Exceptions\\Handler->prepareResponse()
#29 /home/u748403142/domains/richminis.com/public_html/test/vendor/laravel/framework/src/Illuminate/Foundation/Exceptions/Handler.php(473): Illuminate\\Foundation\\Exceptions\\Handler->renderExceptionResponse()
#30 /home/u748403142/domains/richminis.com/public_html/test/app/Exceptions/Handler.php(55): Illuminate\\Foundation\\Exceptions\\Handler->render()
#31 /home/u748403142/domains/richminis.com/public_html/test/vendor/laravel/framework/src/Illuminate/Routing/Pipeline.php(51): App\\Exceptions\\Handler->render()
#32 /home/u748403142/domains/richminis.com/public_html/test/vendor/laravel/framework/src/Illuminate/Pipeline/Pipeline.php(146): Illuminate\\Routing\\Pipeline->handleException()
#33 /home/u748403142/domains/richminis.com/public_html/test/vendor/barryvdh/laravel-debugbar/src/Middleware/InjectDebugbar.php(59): Illuminate\\Pipeline\\Pipeline->Illuminate\\Pipeline\\{closure}()
#34 /home/u748403142/domains/richminis.com/public_html/test/vendor/laravel/framework/src/Illuminate/Pipeline/Pipeline.php(183): Barryvdh\\Debugbar\\Middleware\\InjectDebugbar->handle()
#35 /home/u748403142/domains/richminis.com/public_html/test/vendor/laravel/framework/src/Illuminate/View/Middleware/ShareErrorsFromSession.php(49): Illuminate\\Pipeline\\Pipeline->Illuminate\\Pipeline\\{closure}()
#36 /home/u748403142/domains/richminis.com/public_html/test/vendor/laravel/framework/src/Illuminate/Pipeline/Pipeline.php(183): Illuminate\\View\\Middleware\\ShareErrorsFromSession->handle()
#37 /home/u748403142/domains/richminis.com/public_html/test/vendor/laravel/framework/src/Illuminate/Session/Middleware/StartSession.php(121): Illuminate\\Pipeline\\Pipeline->Illuminate\\Pipeline\\{closure}()
#38 /home/u748403142/domains/richminis.com/public_html/test/vendor/laravel/framework/src/Illuminate/Session/Middleware/StartSession.php(64): Illuminate\\Session\\Middleware\\StartSession->handleStatefulRequest()
#39 /home/u748403142/domains/richminis.com/public_html/test/vendor/laravel/framework/src/Illuminate/Pipeline/Pipeline.php(183): Illuminate\\Session\\Middleware\\StartSession->handle()
#40 /home/u748403142/domains/richminis.com/public_html/test/vendor/laravel/framework/src/Illuminate/Http/Middleware/TrustProxies.php(39): Illuminate\\Pipeline\\Pipeline->Illuminate\\Pipeline\\{closure}()
#41 /home/u748403142/domains/richminis.com/public_html/test/vendor/laravel/framework/src/Illuminate/Pipeline/Pipeline.php(183): Illuminate\\Http\\Middleware\\TrustProxies->handle()
#42 /home/u748403142/domains/richminis.com/public_html/test/vendor/laravel/framework/src/Illuminate/Foundation/Http/Middleware/TransformsRequest.php(21): Illuminate\\Pipeline\\Pipeline->Illuminate\\Pipeline\\{closure}()
#43 /home/u748403142/domains/richminis.com/public_html/test/vendor/laravel/framework/src/Illuminate/Foundation/Http/Middleware/ConvertEmptyStringsToNull.php(31): Illuminate\\Foundation\\Http\\Middleware\\TransformsRequest->handle()
#44 /home/u748403142/domains/richminis.com/public_html/test/vendor/laravel/framework/src/Illuminate/Pipeline/Pipeline.php(183): Illuminate\\Foundation\\Http\\Middleware\\ConvertEmptyStringsToNull->handle()
#45 /home/u748403142/domains/richminis.com/public_html/test/vendor/laravel/framework/src/Illuminate/Foundation/Http/Middleware/TransformsRequest.php(21): Illuminate\\Pipeline\\Pipeline->Illuminate\\Pipeline\\{closure}()
#46 /home/u748403142/domains/richminis.com/public_html/test/vendor/laravel/framework/src/Illuminate/Foundation/Http/Middleware/TrimStrings.php(40): Illuminate\\Foundation\\Http\\Middleware\\TransformsRequest->handle()
#47 /home/u748403142/domains/richminis.com/public_html/test/vendor/laravel/framework/src/Illuminate/Pipeline/Pipeline.php(183): Illuminate\\Foundation\\Http\\Middleware\\TrimStrings->handle()
#48 /home/u748403142/domains/richminis.com/public_html/test/vendor/laravel/framework/src/Illuminate/Foundation/Http/Middleware/ValidatePostSize.php(27): Illuminate\\Pipeline\\Pipeline->Illuminate\\Pipeline\\{closure}()
#49 /home/u748403142/domains/richminis.com/public_html/test/vendor/laravel/framework/src/Illuminate/Pipeline/Pipeline.php(183): Illuminate\\Foundation\\Http\\Middleware\\ValidatePostSize->handle()
#50 /home/u748403142/domains/richminis.com/public_html/test/vendor/laravel/framework/src/Illuminate/Pipeline/Pipeline.php(119): Illuminate\\Pipeline\\Pipeline->Illuminate\\Pipeline\\{closure}()
#51 /home/u748403142/domains/richminis.com/public_html/test/vendor/laravel/framework/src/Illuminate/Foundation/Http/Kernel.php(175): Illuminate\\Pipeline\\Pipeline->then()
#52 /home/u748403142/domains/richminis.com/public_html/test/vendor/laravel/framework/src/Illuminate/Foundation/Http/Kernel.php(144): Illuminate\\Foundation\\Http\\Kernel->sendRequestThroughRouter()
#53 /home/u748403142/domains/richminis.com/public_html/test/index.php(56): Illuminate\\Foundation\\Http\\Kernel->handle()
#54 {main}

[previous exception] [object] (Illuminate\\Database\\QueryException(code: 42S02): SQLSTATE[42S02]: Base table or view not found: 1146 Table 'u748403142_acm.addons' doesn't exist (Connection: mysql, SQL: select * from `addons`) at /home/u748403142/domains/richminis.com/public_html/test/vendor/laravel/framework/src/Illuminate/Database/Connection.php:829)
[stacktrace]
#0 /home/u748403142/domains/richminis.com/public_html/test/vendor/laravel/framework/src/Illuminate/Database/Connection.php(783): Illuminate\\Database\\Connection->runQueryCallback()
#1 /home/u748403142/domains/richminis.com/public_html/test/vendor/laravel/framework/src/Illuminate/Database/Connection.php(414): Illuminate\\Database\\Connection->run()
#2 /home/u748403142/domains/richminis.com/public_html/test/vendor/laravel/framework/src/Illuminate/Database/Query/Builder.php(2913): Illuminate\\Database\\Connection->select()
#3 /home/u748403142/domains/richminis.com/public_html/test/vendor/laravel/framework/src/Illuminate/Database/Query/Builder.php(2902): Illuminate\\Database\\Query\\Builder->runSelect()
#4 /home/u748403142/domains/richminis.com/public_html/test/vendor/laravel/framework/src/Illuminate/Database/Query/Builder.php(3456): Illuminate\\Database\\Query\\Builder->Illuminate\\Database\\Query\\{closure}()
#5 /home/u748403142/domains/richminis.com/public_html/test/vendor/laravel/framework/src/Illuminate/Database/Query/Builder.php(2901): Illuminate\\Database\\Query\\Builder->onceWithColumns()
#6 /home/u748403142/domains/richminis.com/public_html/test/vendor/laravel/framework/src/Illuminate/Database/Eloquent/Builder.php(739): Illuminate\\Database\\Query\\Builder->get()
#7 /home/u748403142/domains/richminis.com/public_html/test/vendor/laravel/framework/src/Illuminate/Database/Eloquent/Builder.php(723): Illuminate\\Database\\Eloquent\\Builder->getModels()
#8 /home/u748403142/domains/richminis.com/public_html/test/vendor/laravel/framework/src/Illuminate/Database/Eloquent/Model.php(675): Illuminate\\Database\\Eloquent\\Builder->get()
#9 /home/u748403142/domains/richminis.com/public_html/test/app/Http/Helpers.php(1685): Illuminate\\Database\\Eloquent\\Model::all()
#10 /home/u748403142/domains/richminis.com/public_html/test/vendor/laravel/framework/src/Illuminate/Cache/Repository.php(396): {closure}()
#11 /home/u748403142/domains/richminis.com/public_html/test/vendor/laravel/framework/src/Illuminate/Cache/CacheManager.php(429): Illuminate\\Cache\\Repository->remember()
#12 /home/u748403142/domains/richminis.com/public_html/test/vendor/laravel/framework/src/Illuminate/Support/Facades/Facade.php(355): Illuminate\\Cache\\CacheManager->__call()
#13 /home/u748403142/domains/richminis.com/public_html/test/app/Http/Helpers.php(1684): Illuminate\\Support\\Facades\\Facade::__callStatic()
#14 /home/u748403142/domains/richminis.com/public_html/test/storage/framework/views/504dfc206f37b585780845d784ad6f30.php(4): addon_is_activated()
#15 /home/u748403142/domains/richminis.com/public_html/test/vendor/laravel/framework/src/Illuminate/Filesystem/Filesystem.php(123): require('/home/u74840314...')
#16 /home/u748403142/domains/richminis.com/public_html/test/vendor/laravel/framework/src/Illuminate/Filesystem/Filesystem.php(124): Illuminate\\Filesystem\\Filesystem::Illuminate\\Filesystem\\{closure}()
#17 /home/u748403142/domains/richminis.com/public_html/test/vendor/laravel/framework/src/Illuminate/View/Engines/PhpEngine.php(58): Illuminate\\Filesystem\\Filesystem->getRequire()
#18 /home/u748403142/domains/richminis.com/public_html/test/vendor/laravel/framework/src/Illuminate/View/Engines/CompilerEngine.php(72): Illuminate\\View\\Engines\\PhpEngine->evaluatePath()
#19 /home/u748403142/domains/richminis.com/public_html/test/vendor/laravel/framework/src/Illuminate/View/View.php(207): Illuminate\\View\\Engines\\CompilerEngine->get()
#20 /home/u748403142/domains/richminis.com/public_html/test/vendor/laravel/framework/src/Illuminate/View/View.php(190): Illuminate\\View\\View->getContents()
#21 /home/u748403142/domains/richminis.com/public_html/test/vendor/laravel/framework/src/Illuminate/View/View.php(159): Illuminate\\View\\View->renderContents()
#22 /home/u748403142/domains/richminis.com/public_html/test/vendor/laravel/framework/src/Illuminate/Http/Response.php(69): Illuminate\\View\\View->render()
#23 /home/u748403142/domains/richminis.com/public_html/test/vendor/laravel/framework/src/Illuminate/Http/Response.php(35): Illuminate\\Http\\Response->setContent()
#24 /home/u748403142/domains/richminis.com/public_html/test/vendor/laravel/framework/src/Illuminate/Routing/ResponseFactory.php(58): Illuminate\\Http\\Response->__construct()
#25 /home/u748403142/domains/richminis.com/public_html/test/vendor/laravel/framework/src/Illuminate/Routing/ResponseFactory.php(88): Illuminate\\Routing\\ResponseFactory->make()
#26 /home/u748403142/domains/richminis.com/public_html/test/vendor/laravel/framework/src/Illuminate/Foundation/Exceptions/Handler.php(723): Illuminate\\Routing\\ResponseFactory->view()
#27 /home/u748403142/domains/richminis.com/public_html/test/vendor/laravel/framework/src/Illuminate/Foundation/Exceptions/Handler.php(650): Illuminate\\Foundation\\Exceptions\\Handler->renderHttpException()
#28 /home/u748403142/domains/richminis.com/public_html/test/vendor/laravel/framework/src/Illuminate/Foundation/Exceptions/Handler.php(556): Illuminate\\Foundation\\Exceptions\\Handler->prepareResponse()
#29 /home/u748403142/domains/richminis.com/public_html/test/vendor/laravel/framework/src/Illuminate/Foundation/Exceptions/Handler.php(473): Illuminate\\Foundation\\Exceptions\\Handler->renderExceptionResponse()
#30 /home/u748403142/domains/richminis.com/public_html/test/app/Exceptions/Handler.php(55): Illuminate\\Foundation\\Exceptions\\Handler->render()
#31 /home/u748403142/domains/richminis.com/public_html/test/vendor/laravel/framework/src/Illuminate/Routing/Pipeline.php(51): App\\Exceptions\\Handler->render()
#32 /home/u748403142/domains/richminis.com/public_html/test/vendor/laravel/framework/src/Illuminate/Pipeline/Pipeline.php(146): Illuminate\\Routing\\Pipeline->handleException()
#33 /home/u748403142/domains/richminis.com/public_html/test/vendor/barryvdh/laravel-debugbar/src/Middleware/InjectDebugbar.php(59): Illuminate\\Pipeline\\Pipeline->Illuminate\\Pipeline\\{closure}()
#34 /home/u748403142/domains/richminis.com/public_html/test/vendor/laravel/framework/src/Illuminate/Pipeline/Pipeline.php(183): Barryvdh\\Debugbar\\Middleware\\InjectDebugbar->handle()
#35 /home/u748403142/domains/richminis.com/public_html/test/vendor/laravel/framework/src/Illuminate/View/Middleware/ShareErrorsFromSession.php(49): Illuminate\\Pipeline\\Pipeline->Illuminate\\Pipeline\\{closure}()
#36 /home/u748403142/domains/richminis.com/public_html/test/vendor/laravel/framework/src/Illuminate/Pipeline/Pipeline.php(183): Illuminate\\View\\Middleware\\ShareErrorsFromSession->handle()
#37 /home/u748403142/domains/richminis.com/public_html/test/vendor/laravel/framework/src/Illuminate/Session/Middleware/StartSession.php(121): Illuminate\\Pipeline\\Pipeline->Illuminate\\Pipeline\\{closure}()
#38 /home/u748403142/domains/richminis.com/public_html/test/vendor/laravel/framework/src/Illuminate/Session/Middleware/StartSession.php(64): Illuminate\\Session\\Middleware\\StartSession->handleStatefulRequest()
#39 /home/u748403142/domains/richminis.com/public_html/test/vendor/laravel/framework/src/Illuminate/Pipeline/Pipeline.php(183): Illuminate\\Session\\Middleware\\StartSession->handle()
#40 /home/u748403142/domains/richminis.com/public_html/test/vendor/laravel/framework/src/Illuminate/Http/Middleware/TrustProxies.php(39): Illuminate\\Pipeline\\Pipeline->Illuminate\\Pipeline\\{closure}()
#41 /home/u748403142/domains/richminis.com/public_html/test/vendor/laravel/framework/src/Illuminate/Pipeline/Pipeline.php(183): Illuminate\\Http\\Middleware\\TrustProxies->handle()
#42 /home/u748403142/domains/richminis.com/public_html/test/vendor/laravel/framework/src/Illuminate/Foundation/Http/Middleware/TransformsRequest.php(21): Illuminate\\Pipeline\\Pipeline->Illuminate\\Pipeline\\{closure}()
#43 /home/u748403142/domains/richminis.com/public_html/test/vendor/laravel/framework/src/Illuminate/Foundation/Http/Middleware/ConvertEmptyStringsToNull.php(31): Illuminate\\Foundation\\Http\\Middleware\\TransformsRequest->handle()
#44 /home/u748403142/domains/richminis.com/public_html/test/vendor/laravel/framework/src/Illuminate/Pipeline/Pipeline.php(183): Illuminate\\Foundation\\Http\\Middleware\\ConvertEmptyStringsToNull->handle()
#45 /home/u748403142/domains/richminis.com/public_html/test/vendor/laravel/framework/src/Illuminate/Foundation/Http/Middleware/TransformsRequest.php(21): Illuminate\\Pipeline\\Pipeline->Illuminate\\Pipeline\\{closure}()
#46 /home/u748403142/domains/richminis.com/public_html/test/vendor/laravel/framework/src/Illuminate/Foundation/Http/Middleware/TrimStrings.php(40): Illuminate\\Foundation\\Http\\Middleware\\TransformsRequest->handle()
#47 /home/u748403142/domains/richminis.com/public_html/test/vendor/laravel/framework/src/Illuminate/Pipeline/Pipeline.php(183): Illuminate\\Foundation\\Http\\Middleware\\TrimStrings->handle()
#48 /home/u748403142/domains/richminis.com/public_html/test/vendor/laravel/framework/src/Illuminate/Foundation/Http/Middleware/ValidatePostSize.php(27): Illuminate\\Pipeline\\Pipeline->Illuminate\\Pipeline\\{closure}()
#49 /home/u748403142/domains/richminis.com/public_html/test/vendor/laravel/framework/src/Illuminate/Pipeline/Pipeline.php(183): Illuminate\\Foundation\\Http\\Middleware\\ValidatePostSize->handle()
#50 /home/u748403142/domains/richminis.com/public_html/test/vendor/laravel/framework/src/Illuminate/Pipeline/Pipeline.php(119): Illuminate\\Pipeline\\Pipeline->Illuminate\\Pipeline\\{closure}()
#51 /home/u748403142/domains/richminis.com/public_html/test/vendor/laravel/framework/src/Illuminate/Foundation/Http/Kernel.php(175): Illuminate\\Pipeline\\Pipeline->then()
#52 /home/u748403142/domains/richminis.com/public_html/test/vendor/laravel/framework/src/Illuminate/Foundation/Http/Kernel.php(144): Illuminate\\Foundation\\Http\\Kernel->sendRequestThroughRouter()
#53 /home/u748403142/domains/richminis.com/public_html/test/index.php(56): Illuminate\\Foundation\\Http\\Kernel->handle()
#54 {main}

[previous exception] [object] (PDOException(code: 42S02): SQLSTATE[42S02]: Base table or view not found: 1146 Table 'u748403142_acm.addons' doesn't exist at /home/u748403142/domains/richminis.com/public_html/test/vendor/laravel/framework/src/Illuminate/Database/Connection.php:423)
[stacktrace]
#0 /home/u748403142/domains/richminis.com/public_html/test/vendor/laravel/framework/src/Illuminate/Database/Connection.php(423): PDO->prepare()
#1 /home/u748403142/domains/richminis.com/public_html/test/vendor/laravel/framework/src/Illuminate/Database/Connection.php(816): Illuminate\\Database\\Connection->Illuminate\\Database\\{closure}()
#2 /home/u748403142/domains/richminis.com/public_html/test/vendor/laravel/framework/src/Illuminate/Database/Connection.php(783): Illuminate\\Database\\Connection->runQueryCallback()
#3 /home/u748403142/domains/richminis.com/public_html/test/vendor/laravel/framework/src/Illuminate/Database/Connection.php(414): Illuminate\\Database\\Connection->run()
#4 /home/u748403142/domains/richminis.com/public_html/test/vendor/laravel/framework/src/Illuminate/Database/Query/Builder.php(2913): Illuminate\\Database\\Connection->select()
#5 /home/u748403142/domains/richminis.com/public_html/test/vendor/laravel/framework/src/Illuminate/Database/Query/Builder.php(2902): Illuminate\\Database\\Query\\Builder->runSelect()
#6 /home/u748403142/domains/richminis.com/public_html/test/vendor/laravel/framework/src/Illuminate/Database/Query/Builder.php(3456): Illuminate\\Database\\Query\\Builder->Illuminate\\Database\\Query\\{closure}()
#7 /home/u748403142/domains/richminis.com/public_html/test/vendor/laravel/framework/src/Illuminate/Database/Query/Builder.php(2901): Illuminate\\Database\\Query\\Builder->onceWithColumns()
#8 /home/u748403142/domains/richminis.com/public_html/test/vendor/laravel/framework/src/Illuminate/Database/Eloquent/Builder.php(739): Illuminate\\Database\\Query\\Builder->get()
#9 /home/u748403142/domains/richminis.com/public_html/test/vendor/laravel/framework/src/Illuminate/Database/Eloquent/Builder.php(723): Illuminate\\Database\\Eloquent\\Builder->getModels()
#10 /home/u748403142/domains/richminis.com/public_html/test/vendor/laravel/framework/src/Illuminate/Database/Eloquent/Model.php(675): Illuminate\\Database\\Eloquent\\Builder->get()
#11 /home/u748403142/domains/richminis.com/public_html/test/app/Http/Helpers.php(1685): Illuminate\\Database\\Eloquent\\Model::all()
#12 /home/u748403142/domains/richminis.com/public_html/test/vendor/laravel/framework/src/Illuminate/Cache/Repository.php(396): {closure}()
#13 /home/u748403142/domains/richminis.com/public_html/test/vendor/laravel/framework/src/Illuminate/Cache/CacheManager.php(429): Illuminate\\Cache\\Repository->remember()
#14 /home/u748403142/domains/richminis.com/public_html/test/vendor/laravel/framework/src/Illuminate/Support/Facades/Facade.php(355): Illuminate\\Cache\\CacheManager->__call()
#15 /home/u748403142/domains/richminis.com/public_html/test/app/Http/Helpers.php(1684): Illuminate\\Support\\Facades\\Facade::__callStatic()
#16 /home/u748403142/domains/richminis.com/public_html/test/storage/framework/views/504dfc206f37b585780845d784ad6f30.php(4): addon_is_activated()
#17 /home/u748403142/domains/richminis.com/public_html/test/vendor/laravel/framework/src/Illuminate/Filesystem/Filesystem.php(123): require('/home/u74840314...')
#18 /home/u748403142/domains/richminis.com/public_html/test/vendor/laravel/framework/src/Illuminate/Filesystem/Filesystem.php(124): Illuminate\\Filesystem\\Filesystem::Illuminate\\Filesystem\\{closure}()
#19 /home/u748403142/domains/richminis.com/public_html/test/vendor/laravel/framework/src/Illuminate/View/Engines/PhpEngine.php(58): Illuminate\\Filesystem\\Filesystem->getRequire()
#20 /home/u748403142/domains/richminis.com/public_html/test/vendor/laravel/framework/src/Illuminate/View/Engines/CompilerEngine.php(72): Illuminate\\View\\Engines\\PhpEngine->evaluatePath()
#21 /home/u748403142/domains/richminis.com/public_html/test/vendor/laravel/framework/src/Illuminate/View/View.php(207): Illuminate\\View\\Engines\\CompilerEngine->get()
#22 /home/u748403142/domains/richminis.com/public_html/test/vendor/laravel/framework/src/Illuminate/View/View.php(190): Illuminate\\View\\View->getContents()
#23 /home/u748403142/domains/richminis.com/public_html/test/vendor/laravel/framework/src/Illuminate/View/View.php(159): Illuminate\\View\\View->renderContents()
#24 /home/u748403142/domains/richminis.com/public_html/test/vendor/laravel/framework/src/Illuminate/Http/Response.php(69): Illuminate\\View\\View->render()
#25 /home/u748403142/domains/richminis.com/public_html/test/vendor/laravel/framework/src/Illuminate/Http/Response.php(35): Illuminate\\Http\\Response->setContent()
#26 /home/u748403142/domains/richminis.com/public_html/test/vendor/laravel/framework/src/Illuminate/Routing/ResponseFactory.php(58): Illuminate\\Http\\Response->__construct()
#27 /home/u748403142/domains/richminis.com/public_html/test/vendor/laravel/framework/src/Illuminate/Routing/ResponseFactory.php(88): Illuminate\\Routing\\ResponseFactory->make()
#28 /home/u748403142/domains/richminis.com/public_html/test/vendor/laravel/framework/src/Illuminate/Foundation/Exceptions/Handler.php(723): Illuminate\\Routing\\ResponseFactory->view()
#29 /home/u748403142/domains/richminis.com/public_html/test/vendor/laravel/framework/src/Illuminate/Foundation/Exceptions/Handler.php(650): Illuminate\\Foundation\\Exceptions\\Handler->renderHttpException()
#30 /home/u748403142/domains/richminis.com/public_html/test/vendor/laravel/framework/src/Illuminate/Foundation/Exceptions/Handler.php(556): Illuminate\\Foundation\\Exceptions\\Handler->prepareResponse()
#31 /home/u748403142/domains/richminis.com/public_html/test/vendor/laravel/framework/src/Illuminate/Foundation/Exceptions/Handler.php(473): Illuminate\\Foundation\\Exceptions\\Handler->renderExceptionResponse()
#32 /home/u748403142/domains/richminis.com/public_html/test/app/Exceptions/Handler.php(55): Illuminate\\Foundation\\Exceptions\\Handler->render()
#33 /home/u748403142/domains/richminis.com/public_html/test/vendor/laravel/framework/src/Illuminate/Routing/Pipeline.php(51): App\\Exceptions\\Handler->render()
#34 /home/u748403142/domains/richminis.com/public_html/test/vendor/laravel/framework/src/Illuminate/Pipeline/Pipeline.php(146): Illuminate\\Routing\\Pipeline->handleException()
#35 /home/u748403142/domains/richminis.com/public_html/test/vendor/barryvdh/laravel-debugbar/src/Middleware/InjectDebugbar.php(59): Illuminate\\Pipeline\\Pipeline->Illuminate\\Pipeline\\{closure}()
#36 /home/u748403142/domains/richminis.com/public_html/test/vendor/laravel/framework/src/Illuminate/Pipeline/Pipeline.php(183): Barryvdh\\Debugbar\\Middleware\\InjectDebugbar->handle()
#37 /home/u748403142/domains/richminis.com/public_html/test/vendor/laravel/framework/src/Illuminate/View/Middleware/ShareErrorsFromSession.php(49): Illuminate\\Pipeline\\Pipeline->Illuminate\\Pipeline\\{closure}()
#38 /home/u748403142/domains/richminis.com/public_html/test/vendor/laravel/framework/src/Illuminate/Pipeline/Pipeline.php(183): Illuminate\\View\\Middleware\\ShareErrorsFromSession->handle()
#39 /home/u748403142/domains/richminis.com/public_html/test/vendor/laravel/framework/src/Illuminate/Session/Middleware/StartSession.php(121): Illuminate\\Pipeline\\Pipeline->Illuminate\\Pipeline\\{closure}()
#40 /home/u748403142/domains/richminis.com/public_html/test/vendor/laravel/framework/src/Illuminate/Session/Middleware/StartSession.php(64): Illuminate\\Session\\Middleware\\StartSession->handleStatefulRequest()
#41 /home/u748403142/domains/richminis.com/public_html/test/vendor/laravel/framework/src/Illuminate/Pipeline/Pipeline.php(183): Illuminate\\Session\\Middleware\\StartSession->handle()
#42 /home/u748403142/domains/richminis.com/public_html/test/vendor/laravel/framework/src/Illuminate/Http/Middleware/TrustProxies.php(39): Illuminate\\Pipeline\\Pipeline->Illuminate\\Pipeline\\{closure}()
#43 /home/u748403142/domains/richminis.com/public_html/test/vendor/laravel/framework/src/Illuminate/Pipeline/Pipeline.php(183): Illuminate\\Http\\Middleware\\TrustProxies->handle()
#44 /home/u748403142/domains/richminis.com/public_html/test/vendor/laravel/framework/src/Illuminate/Foundation/Http/Middleware/TransformsRequest.php(21): Illuminate\\Pipeline\\Pipeline->Illuminate\\Pipeline\\{closure}()
#45 /home/u748403142/domains/richminis.com/public_html/test/vendor/laravel/framework/src/Illuminate/Foundation/Http/Middleware/ConvertEmptyStringsToNull.php(31): Illuminate\\Foundation\\Http\\Middleware\\TransformsRequest->handle()
#46 /home/u748403142/domains/richminis.com/public_html/test/vendor/laravel/framework/src/Illuminate/Pipeline/Pipeline.php(183): Illuminate\\Foundation\\Http\\Middleware\\ConvertEmptyStringsToNull->handle()
#47 /home/u748403142/domains/richminis.com/public_html/test/vendor/laravel/framework/src/Illuminate/Foundation/Http/Middleware/TransformsRequest.php(21): Illuminate\\Pipeline\\Pipeline->Illuminate\\Pipeline\\{closure}()
#48 /home/u748403142/domains/richminis.com/public_html/test/vendor/laravel/framework/src/Illuminate/Foundation/Http/Middleware/TrimStrings.php(40): Illuminate\\Foundation\\Http\\Middleware\\TransformsRequest->handle()
#49 /home/u748403142/domains/richminis.com/public_html/test/vendor/laravel/framework/src/Illuminate/Pipeline/Pipeline.php(183): Illuminate\\Foundation\\Http\\Middleware\\TrimStrings->handle()
#50 /home/u748403142/domains/richminis.com/public_html/test/vendor/laravel/framework/src/Illuminate/Foundation/Http/Middleware/ValidatePostSize.php(27): Illuminate\\Pipeline\\Pipeline->Illuminate\\Pipeline\\{closure}()
#51 /home/u748403142/domains/richminis.com/public_html/test/vendor/laravel/framework/src/Illuminate/Pipeline/Pipeline.php(183): Illuminate\\Foundation\\Http\\Middleware\\ValidatePostSize->handle()
#52 /home/u748403142/domains/richminis.com/public_html/test/vendor/laravel/framework/src/Illuminate/Pipeline/Pipeline.php(119): Illuminate\\Pipeline\\Pipeline->Illuminate\\Pipeline\\{closure}()
#53 /home/u748403142/domains/richminis.com/public_html/test/vendor/laravel/framework/src/Illuminate/Foundation/Http/Kernel.php(175): Illuminate\\Pipeline\\Pipeline->then()
#54 /home/u748403142/domains/richminis.com/public_html/test/vendor/laravel/framework/src/Illuminate/Foundation/Http/Kernel.php(144): Illuminate\\Foundation\\Http\\Kernel->sendRequestThroughRouter()
#55 /home/u748403142/domains/richminis.com/public_html/test/index.php(56): Illuminate\\Foundation\\Http\\Kernel->handle()
#56 {main}
"} 
