[2026-05-03 13:23:06] local.ERROR: SQLSTATE[42S01]: Base table or view already exists: 1050 Table 'personal_access_tokens' already exists (Connection: mysql, SQL: create table `personal_access_tokens` (`id` bigint unsigned not null auto_increment primary key, `tokenable_type` varchar(191) not null, `tokenable_id` bigint unsigned not null, `name` varchar(191) not null, `token` varchar(64) not null, `abilities` text null, `last_used_at` timestamp null, `created_at` timestamp null, `updated_at` timestamp null) default character set utf8mb4 collate 'utf8mb4_unicode_ci') {"exception":"[object] (Illuminate\\Database\\QueryException(code: 42S01): SQLSTATE[42S01]: Base table or view already exists: 1050 Table 'personal_access_tokens' already exists (Connection: mysql, SQL: create table `personal_access_tokens` (`id` bigint unsigned not null auto_increment primary key, `tokenable_type` varchar(191) not null, `tokenable_id` bigint unsigned not null, `name` varchar(191) not null, `token` varchar(64) not null, `abilities` text null, `last_used_at` timestamp null, `created_at` timestamp null, `updated_at` timestamp null) default character set utf8mb4 collate 'utf8mb4_unicode_ci') at R:\\SoftwareFiles\\laragon\\www\\richminis\\vendor\\laravel\\framework\\src\\Illuminate\\Database\\Connection.php:829)
[stacktrace]
#0 R:\\SoftwareFiles\\laragon\\www\\richminis\\vendor\\laravel\\framework\\src\\Illuminate\\Database\\Connection.php(783): Illuminate\\Database\\Connection->runQueryCallback('create table `p...', Array, Object(Closure))
#1 R:\\SoftwareFiles\\laragon\\www\\richminis\\vendor\\laravel\\framework\\src\\Illuminate\\Database\\Connection.php(576): Illuminate\\Database\\Connection->run('create table `p...', Array, Object(Closure))
#2 R:\\SoftwareFiles\\laragon\\www\\richminis\\vendor\\laravel\\framework\\src\\Illuminate\\Database\\Schema\\Blueprint.php(110): Illuminate\\Database\\Connection->statement('create table `p...')
#3 R:\\SoftwareFiles\\laragon\\www\\richminis\\vendor\\laravel\\framework\\src\\Illuminate\\Database\\Schema\\Builder.php(602): Illuminate\\Database\\Schema\\Blueprint->build(Object(Illuminate\\Database\\MySqlConnection), Object(Illuminate\\Database\\Schema\\Grammars\\MySqlGrammar))
#4 R:\\SoftwareFiles\\laragon\\www\\richminis\\vendor\\laravel\\framework\\src\\Illuminate\\Database\\Schema\\Builder.php(456): Illuminate\\Database\\Schema\\Builder->build(Object(Illuminate\\Database\\Schema\\Blueprint))
#5 R:\\SoftwareFiles\\laragon\\www\\richminis\\vendor\\laravel\\framework\\src\\Illuminate\\Support\\Facades\\Facade.php(355): Illuminate\\Database\\Schema\\Builder->create('personal_access...', Object(Closure))
#6 R:\\SoftwareFiles\\laragon\\www\\richminis\\database\\migrations\\2019_12_14_000001_create_personal_access_tokens_table.php(16): Illuminate\\Support\\Facades\\Facade::__callStatic('create', Array)
#7 R:\\SoftwareFiles\\laragon\\www\\richminis\\vendor\\laravel\\framework\\src\\Illuminate\\Database\\Migrations\\Migrator.php(493): CreatePersonalAccessTokensTable->up()
#8 R:\\SoftwareFiles\\laragon\\www\\richminis\\vendor\\laravel\\framework\\src\\Illuminate\\Database\\Migrations\\Migrator.php(410): Illuminate\\Database\\Migrations\\Migrator->runMethod(Object(Illuminate\\Database\\MySqlConnection), Object(CreatePersonalAccessTokensTable), 'up')
#9 R:\\SoftwareFiles\\laragon\\www\\richminis\\vendor\\laravel\\framework\\src\\Illuminate\\Database\\Migrations\\Migrator.php(419): Illuminate\\Database\\Migrations\\Migrator->Illuminate\\Database\\Migrations\\{closure}()
#10 R:\\SoftwareFiles\\laragon\\www\\richminis\\vendor\\laravel\\framework\\src\\Illuminate\\Database\\Migrations\\Migrator.php(216): Illuminate\\Database\\Migrations\\Migrator->runMigration(Object(CreatePersonalAccessTokensTable), 'up')
#11 R:\\SoftwareFiles\\laragon\\www\\richminis\\vendor\\laravel\\framework\\src\\Illuminate\\Console\\View\\Components\\Task.php(37): Illuminate\\Database\\Migrations\\Migrator->Illuminate\\Database\\Migrations\\{closure}()
#12 R:\\SoftwareFiles\\laragon\\www\\richminis\\vendor\\laravel\\framework\\src\\Illuminate\\Database\\Migrations\\Migrator.php(756): Illuminate\\Console\\View\\Components\\Task->render('2019_12_14_0000...', Object(Closure))
#13 R:\\SoftwareFiles\\laragon\\www\\richminis\\vendor\\laravel\\framework\\src\\Illuminate\\Database\\Migrations\\Migrator.php(216): Illuminate\\Database\\Migrations\\Migrator->write('Illuminate\\\\Cons...', '2019_12_14_0000...', Object(Closure))
#14 R:\\SoftwareFiles\\laragon\\www\\richminis\\vendor\\laravel\\framework\\src\\Illuminate\\Database\\Migrations\\Migrator.php(181): Illuminate\\Database\\Migrations\\Migrator->runUp('R:\\\\SoftwareFile...', 2, false)
#15 R:\\SoftwareFiles\\laragon\\www\\richminis\\vendor\\laravel\\framework\\src\\Illuminate\\Database\\Migrations\\Migrator.php(124): Illuminate\\Database\\Migrations\\Migrator->runPending(Array, Array)
#16 R:\\SoftwareFiles\\laragon\\www\\richminis\\vendor\\laravel\\framework\\src\\Illuminate\\Database\\Console\\Migrations\\MigrateCommand.php(90): Illuminate\\Database\\Migrations\\Migrator->run(Array, Array)
#17 R:\\SoftwareFiles\\laragon\\www\\richminis\\vendor\\laravel\\framework\\src\\Illuminate\\Database\\Migrations\\Migrator.php(633): Illuminate\\Database\\Console\\Migrations\\MigrateCommand->Illuminate\\Database\\Console\\Migrations\\{closure}()
#18 R:\\SoftwareFiles\\laragon\\www\\richminis\\vendor\\laravel\\framework\\src\\Illuminate\\Database\\Console\\Migrations\\MigrateCommand.php(83): Illuminate\\Database\\Migrations\\Migrator->usingConnection(NULL, Object(Closure))
#19 R:\\SoftwareFiles\\laragon\\www\\richminis\\vendor\\laravel\\framework\\src\\Illuminate\\Container\\BoundMethod.php(36): Illuminate\\Database\\Console\\Migrations\\MigrateCommand->handle()
#20 R:\\SoftwareFiles\\laragon\\www\\richminis\\vendor\\laravel\\framework\\src\\Illuminate\\Container\\Util.php(41): Illuminate\\Container\\BoundMethod::Illuminate\\Container\\{closure}()
#21 R:\\SoftwareFiles\\laragon\\www\\richminis\\vendor\\laravel\\framework\\src\\Illuminate\\Container\\BoundMethod.php(93): Illuminate\\Container\\Util::unwrapIfClosure(Object(Closure))
#22 R:\\SoftwareFiles\\laragon\\www\\richminis\\vendor\\laravel\\framework\\src\\Illuminate\\Container\\BoundMethod.php(35): Illuminate\\Container\\BoundMethod::callBoundMethod(Object(Illuminate\\Foundation\\Application), Array, Object(Closure))
#23 R:\\SoftwareFiles\\laragon\\www\\richminis\\vendor\\laravel\\framework\\src\\Illuminate\\Container\\Container.php(662): Illuminate\\Container\\BoundMethod::call(Object(Illuminate\\Foundation\\Application), Array, Array, NULL)
#24 R:\\SoftwareFiles\\laragon\\www\\richminis\\vendor\\laravel\\framework\\src\\Illuminate\\Console\\Command.php(211): Illuminate\\Container\\Container->call(Array)
#25 R:\\SoftwareFiles\\laragon\\www\\richminis\\vendor\\symfony\\console\\Command\\Command.php(326): Illuminate\\Console\\Command->execute(Object(Symfony\\Component\\Console\\Input\\ArgvInput), Object(Illuminate\\Console\\OutputStyle))
#26 R:\\SoftwareFiles\\laragon\\www\\richminis\\vendor\\laravel\\framework\\src\\Illuminate\\Console\\Command.php(180): Symfony\\Component\\Console\\Command\\Command->run(Object(Symfony\\Component\\Console\\Input\\ArgvInput), Object(Illuminate\\Console\\OutputStyle))
#27 R:\\SoftwareFiles\\laragon\\www\\richminis\\vendor\\symfony\\console\\Application.php(1096): Illuminate\\Console\\Command->run(Object(Symfony\\Component\\Console\\Input\\ArgvInput), Object(Symfony\\Component\\Console\\Output\\ConsoleOutput))
#28 R:\\SoftwareFiles\\laragon\\www\\richminis\\vendor\\symfony\\console\\Application.php(324): Symfony\\Component\\Console\\Application->doRunCommand(Object(Illuminate\\Database\\Console\\Migrations\\MigrateCommand), Object(Symfony\\Component\\Console\\Input\\ArgvInput), Object(Symfony\\Component\\Console\\Output\\ConsoleOutput))
#29 R:\\SoftwareFiles\\laragon\\www\\richminis\\vendor\\symfony\\console\\Application.php(175): Symfony\\Component\\Console\\Application->doRun(Object(Symfony\\Component\\Console\\Input\\ArgvInput), Object(Symfony\\Component\\Console\\Output\\ConsoleOutput))
#30 R:\\SoftwareFiles\\laragon\\www\\richminis\\vendor\\laravel\\framework\\src\\Illuminate\\Foundation\\Console\\Kernel.php(201): Symfony\\Component\\Console\\Application->run(Object(Symfony\\Component\\Console\\Input\\ArgvInput), Object(Symfony\\Component\\Console\\Output\\ConsoleOutput))
#31 R:\\SoftwareFiles\\laragon\\www\\richminis\\artisan(35): Illuminate\\Foundation\\Console\\Kernel->handle(Object(Symfony\\Component\\Console\\Input\\ArgvInput), Object(Symfony\\Component\\Console\\Output\\ConsoleOutput))
#32 {main}

[previous exception] [object] (PDOException(code: 42S01): SQLSTATE[42S01]: Base table or view already exists: 1050 Table 'personal_access_tokens' already exists at R:\\SoftwareFiles\\laragon\\www\\richminis\\vendor\\laravel\\framework\\src\\Illuminate\\Database\\Connection.php:587)
[stacktrace]
#0 R:\\SoftwareFiles\\laragon\\www\\richminis\\vendor\\laravel\\framework\\src\\Illuminate\\Database\\Connection.php(587): PDOStatement->execute()
#1 R:\\SoftwareFiles\\laragon\\www\\richminis\\vendor\\laravel\\framework\\src\\Illuminate\\Database\\Connection.php(816): Illuminate\\Database\\Connection->Illuminate\\Database\\{closure}('create table `p...', Array)
#2 R:\\SoftwareFiles\\laragon\\www\\richminis\\vendor\\laravel\\framework\\src\\Illuminate\\Database\\Connection.php(783): Illuminate\\Database\\Connection->runQueryCallback('create table `p...', Array, Object(Closure))
#3 R:\\SoftwareFiles\\laragon\\www\\richminis\\vendor\\laravel\\framework\\src\\Illuminate\\Database\\Connection.php(576): Illuminate\\Database\\Connection->run('create table `p...', Array, Object(Closure))
#4 R:\\SoftwareFiles\\laragon\\www\\richminis\\vendor\\laravel\\framework\\src\\Illuminate\\Database\\Schema\\Blueprint.php(110): Illuminate\\Database\\Connection->statement('create table `p...')
#5 R:\\SoftwareFiles\\laragon\\www\\richminis\\vendor\\laravel\\framework\\src\\Illuminate\\Database\\Schema\\Builder.php(602): Illuminate\\Database\\Schema\\Blueprint->build(Object(Illuminate\\Database\\MySqlConnection), Object(Illuminate\\Database\\Schema\\Grammars\\MySqlGrammar))
#6 R:\\SoftwareFiles\\laragon\\www\\richminis\\vendor\\laravel\\framework\\src\\Illuminate\\Database\\Schema\\Builder.php(456): Illuminate\\Database\\Schema\\Builder->build(Object(Illuminate\\Database\\Schema\\Blueprint))
#7 R:\\SoftwareFiles\\laragon\\www\\richminis\\vendor\\laravel\\framework\\src\\Illuminate\\Support\\Facades\\Facade.php(355): Illuminate\\Database\\Schema\\Builder->create('personal_access...', Object(Closure))
#8 R:\\SoftwareFiles\\laragon\\www\\richminis\\database\\migrations\\2019_12_14_000001_create_personal_access_tokens_table.php(16): Illuminate\\Support\\Facades\\Facade::__callStatic('create', Array)
#9 R:\\SoftwareFiles\\laragon\\www\\richminis\\vendor\\laravel\\framework\\src\\Illuminate\\Database\\Migrations\\Migrator.php(493): CreatePersonalAccessTokensTable->up()
#10 R:\\SoftwareFiles\\laragon\\www\\richminis\\vendor\\laravel\\framework\\src\\Illuminate\\Database\\Migrations\\Migrator.php(410): Illuminate\\Database\\Migrations\\Migrator->runMethod(Object(Illuminate\\Database\\MySqlConnection), Object(CreatePersonalAccessTokensTable), 'up')
#11 R:\\SoftwareFiles\\laragon\\www\\richminis\\vendor\\laravel\\framework\\src\\Illuminate\\Database\\Migrations\\Migrator.php(419): Illuminate\\Database\\Migrations\\Migrator->Illuminate\\Database\\Migrations\\{closure}()
#12 R:\\SoftwareFiles\\laragon\\www\\richminis\\vendor\\laravel\\framework\\src\\Illuminate\\Database\\Migrations\\Migrator.php(216): Illuminate\\Database\\Migrations\\Migrator->runMigration(Object(CreatePersonalAccessTokensTable), 'up')
#13 R:\\SoftwareFiles\\laragon\\www\\richminis\\vendor\\laravel\\framework\\src\\Illuminate\\Console\\View\\Components\\Task.php(37): Illuminate\\Database\\Migrations\\Migrator->Illuminate\\Database\\Migrations\\{closure}()
#14 R:\\SoftwareFiles\\laragon\\www\\richminis\\vendor\\laravel\\framework\\src\\Illuminate\\Database\\Migrations\\Migrator.php(756): Illuminate\\Console\\View\\Components\\Task->render('2019_12_14_0000...', Object(Closure))
#15 R:\\SoftwareFiles\\laragon\\www\\richminis\\vendor\\laravel\\framework\\src\\Illuminate\\Database\\Migrations\\Migrator.php(216): Illuminate\\Database\\Migrations\\Migrator->write('Illuminate\\\\Cons...', '2019_12_14_0000...', Object(Closure))
#16 R:\\SoftwareFiles\\laragon\\www\\richminis\\vendor\\laravel\\framework\\src\\Illuminate\\Database\\Migrations\\Migrator.php(181): Illuminate\\Database\\Migrations\\Migrator->runUp('R:\\\\SoftwareFile...', 2, false)
#17 R:\\SoftwareFiles\\laragon\\www\\richminis\\vendor\\laravel\\framework\\src\\Illuminate\\Database\\Migrations\\Migrator.php(124): Illuminate\\Database\\Migrations\\Migrator->runPending(Array, Array)
#18 R:\\SoftwareFiles\\laragon\\www\\richminis\\vendor\\laravel\\framework\\src\\Illuminate\\Database\\Console\\Migrations\\MigrateCommand.php(90): Illuminate\\Database\\Migrations\\Migrator->run(Array, Array)
#19 R:\\SoftwareFiles\\laragon\\www\\richminis\\vendor\\laravel\\framework\\src\\Illuminate\\Database\\Migrations\\Migrator.php(633): Illuminate\\Database\\Console\\Migrations\\MigrateCommand->Illuminate\\Database\\Console\\Migrations\\{closure}()
#20 R:\\SoftwareFiles\\laragon\\www\\richminis\\vendor\\laravel\\framework\\src\\Illuminate\\Database\\Console\\Migrations\\MigrateCommand.php(83): Illuminate\\Database\\Migrations\\Migrator->usingConnection(NULL, Object(Closure))
#21 R:\\SoftwareFiles\\laragon\\www\\richminis\\vendor\\laravel\\framework\\src\\Illuminate\\Container\\BoundMethod.php(36): Illuminate\\Database\\Console\\Migrations\\MigrateCommand->handle()
#22 R:\\SoftwareFiles\\laragon\\www\\richminis\\vendor\\laravel\\framework\\src\\Illuminate\\Container\\Util.php(41): Illuminate\\Container\\BoundMethod::Illuminate\\Container\\{closure}()
#23 R:\\SoftwareFiles\\laragon\\www\\richminis\\vendor\\laravel\\framework\\src\\Illuminate\\Container\\BoundMethod.php(93): Illuminate\\Container\\Util::unwrapIfClosure(Object(Closure))
#24 R:\\SoftwareFiles\\laragon\\www\\richminis\\vendor\\laravel\\framework\\src\\Illuminate\\Container\\BoundMethod.php(35): Illuminate\\Container\\BoundMethod::callBoundMethod(Object(Illuminate\\Foundation\\Application), Array, Object(Closure))
#25 R:\\SoftwareFiles\\laragon\\www\\richminis\\vendor\\laravel\\framework\\src\\Illuminate\\Container\\Container.php(662): Illuminate\\Container\\BoundMethod::call(Object(Illuminate\\Foundation\\Application), Array, Array, NULL)
#26 R:\\SoftwareFiles\\laragon\\www\\richminis\\vendor\\laravel\\framework\\src\\Illuminate\\Console\\Command.php(211): Illuminate\\Container\\Container->call(Array)
#27 R:\\SoftwareFiles\\laragon\\www\\richminis\\vendor\\symfony\\console\\Command\\Command.php(326): Illuminate\\Console\\Command->execute(Object(Symfony\\Component\\Console\\Input\\ArgvInput), Object(Illuminate\\Console\\OutputStyle))
#28 R:\\SoftwareFiles\\laragon\\www\\richminis\\vendor\\laravel\\framework\\src\\Illuminate\\Console\\Command.php(180): Symfony\\Component\\Console\\Command\\Command->run(Object(Symfony\\Component\\Console\\Input\\ArgvInput), Object(Illuminate\\Console\\OutputStyle))
#29 R:\\SoftwareFiles\\laragon\\www\\richminis\\vendor\\symfony\\console\\Application.php(1096): Illuminate\\Console\\Command->run(Object(Symfony\\Component\\Console\\Input\\ArgvInput), Object(Symfony\\Component\\Console\\Output\\ConsoleOutput))
#30 R:\\SoftwareFiles\\laragon\\www\\richminis\\vendor\\symfony\\console\\Application.php(324): Symfony\\Component\\Console\\Application->doRunCommand(Object(Illuminate\\Database\\Console\\Migrations\\MigrateCommand), Object(Symfony\\Component\\Console\\Input\\ArgvInput), Object(Symfony\\Component\\Console\\Output\\ConsoleOutput))
#31 R:\\SoftwareFiles\\laragon\\www\\richminis\\vendor\\symfony\\console\\Application.php(175): Symfony\\Component\\Console\\Application->doRun(Object(Symfony\\Component\\Console\\Input\\ArgvInput), Object(Symfony\\Component\\Console\\Output\\ConsoleOutput))
#32 R:\\SoftwareFiles\\laragon\\www\\richminis\\vendor\\laravel\\framework\\src\\Illuminate\\Foundation\\Console\\Kernel.php(201): Symfony\\Component\\Console\\Application->run(Object(Symfony\\Component\\Console\\Input\\ArgvInput), Object(Symfony\\Component\\Console\\Output\\ConsoleOutput))
#33 R:\\SoftwareFiles\\laragon\\www\\richminis\\artisan(35): Illuminate\\Foundation\\Console\\Kernel->handle(Object(Symfony\\Component\\Console\\Input\\ArgvInput), Object(Symfony\\Component\\Console\\Output\\ConsoleOutput))
#34 {main}
"} 
[2026-05-03 13:36:36] local.INFO: Filter Orders Request:  {"page":"1","seller_type":"inhouse","search":null,"order_from":null,"payment_status":null,"date":null,"col":null,"status":null} 
[2026-05-03 13:36:45] local.INFO: Filter Orders Request:  {"page":"1","seller_type":"inhouse","search":null,"order_from":null,"payment_status":null,"date":null,"col":null,"status":null} 
[2026-05-03 13:37:00] local.INFO: Filter Orders Request:  {"page":"1","seller_type":"inhouse","search":null,"order_from":null,"payment_status":null,"date":null,"col":null,"status":null} 
[2026-05-03 13:39:04] local.INFO: Filter Orders Request:  {"page":"1","seller_type":"inhouse","search":null,"order_from":null,"payment_status":null,"date":null,"col":null,"status":null} 
[2026-05-03 13:39:07] local.INFO: Filter Orders Request:  {"page":"1","seller_type":"inhouse","search":null,"order_from":null,"payment_status":null,"date":null,"col":null,"status":null} 
[2026-05-03 13:40:01] local.INFO: Filter Orders Request:  {"page":"1","seller_type":"inhouse","search":null,"order_from":null,"payment_status":null,"date":null,"col":null,"status":null} 
[2026-05-03 13:41:41] local.INFO: Filter Orders Request:  {"page":"1","seller_type":"inhouse","search":null,"order_from":null,"payment_status":null,"date":null,"col":null,"status":null} 
[2026-05-03 13:53:06] local.INFO: Filter Orders Request:  {"page":"1","seller_type":"inhouse","search":null,"order_from":null,"payment_status":null,"date":null,"col":null,"status":null} 
[2026-05-03 13:55:24] local.INFO: Filter Orders Request:  {"page":"1","seller_type":"inhouse","search":null,"order_from":null,"payment_status":null,"date":null,"col":null,"status":null} 
